// Jest Snapshot v1, https://goo.gl/fbAQLP

exports[`AllCoins component tests AllCoins component snapshot test snapshot renders 5 Coins correctly 1`] = `
<div>
  <section
    class="allCoins"
  >
    <a
      class="coinLink evenCoin"
      href="/bitcoin"
    >
      <article
        class="coinItem"
        data-testid="bitcoin"
      >
        <section
          class="itemSection itemHeader"
        >
          <h3
            class="itemName"
            data-testid="coinName"
          >
            Bitcoin
          </h3>
          <div
            class="iconContainer"
          >
            <img
              alt="Bitcoin"
              class="coinIcon"
              data-testid="coinLogo"
              src="https://static.coinstats.app/coins/1650455588819.png"
            />
          </div>
        </section>
        <section
          class="itemSection"
        >
          <div
            class="itemDescription"
          >
            <h3
              class="itemCategory rankCategory"
            >
              Rank
            </h3>
            <p
              class="itemData rankData"
              data-testid="coinRank"
            >
              1
            </p>
          </div>
          <div
            class="itemDescription"
          >
            <h4
              class="itemCategory"
            >
              Symbol
            </h4>
            <p
              class="itemData"
              data-testid="coinSymbol"
            >
              BTC
            </p>
          </div>
        </section>
      </article>
    </a>
    <a
      class="coinLink oddCoin"
      href="/ethereum"
    >
      <article
        class="coinItem"
        data-testid="ethereum"
      >
        <section
          class="itemSection itemHeader"
        >
          <h3
            class="itemName"
            data-testid="coinName"
          >
            Ethereum
          </h3>
          <div
            class="iconContainer"
          >
            <img
              alt="Ethereum"
              class="coinIcon"
              data-testid="coinLogo"
              src="https://static.coinstats.app/coins/1650455629727.png"
            />
          </div>
        </section>
        <section
          class="itemSection"
        >
          <div
            class="itemDescription"
          >
            <h3
              class="itemCategory rankCategory"
            >
              Rank
            </h3>
            <p
              class="itemData rankData"
              data-testid="coinRank"
            >
              2
            </p>
          </div>
          <div
            class="itemDescription"
          >
            <h4
              class="itemCategory"
            >
              Symbol
            </h4>
            <p
              class="itemData"
              data-testid="coinSymbol"
            >
              ETH
            </p>
          </div>
        </section>
      </article>
    </a>
    <a
      class="coinLink evenCoin"
      href="/tether"
    >
      <article
        class="coinItem"
        data-testid="tether"
      >
        <section
          class="itemSection itemHeader"
        >
          <h3
            class="itemName"
            data-testid="coinName"
          >
            Tether
          </h3>
          <div
            class="iconContainer"
          >
            <img
              alt="Tether"
              class="coinIcon"
              data-testid="coinLogo"
              src="https://static.coinstats.app/coins/1650455771843.png"
            />
          </div>
        </section>
        <section
          class="itemSection"
        >
          <div
            class="itemDescription"
          >
            <h3
              class="itemCategory rankCategory"
            >
              Rank
            </h3>
            <p
              class="itemData rankData"
              data-testid="coinRank"
            >
              3
            </p>
          </div>
          <div
            class="itemDescription"
          >
            <h4
              class="itemCategory"
            >
              Symbol
            </h4>
            <p
              class="itemData"
              data-testid="coinSymbol"
            >
              USDT
            </p>
          </div>
        </section>
      </article>
    </a>
    <a
      class="coinLink oddCoin"
      href="/binance-coin"
    >
      <article
        class="coinItem"
        data-testid="binance-coin"
      >
        <section
          class="itemSection itemHeader"
        >
          <h3
            class="itemName"
            data-testid="coinName"
          >
            BNB
          </h3>
          <div
            class="iconContainer"
          >
            <img
              alt="BNB"
              class="coinIcon"
              data-testid="coinLogo"
              src="https://static.coinstats.app/coins/1666608145347.png"
            />
          </div>
        </section>
        <section
          class="itemSection"
        >
          <div
            class="itemDescription"
          >
            <h3
              class="itemCategory rankCategory"
            >
              Rank
            </h3>
            <p
              class="itemData rankData"
              data-testid="coinRank"
            >
              4
            </p>
          </div>
          <div
            class="itemDescription"
          >
            <h4
              class="itemCategory"
            >
              Symbol
            </h4>
            <p
              class="itemData"
              data-testid="coinSymbol"
            >
              BNB
            </p>
          </div>
        </section>
      </article>
    </a>
    <a
      class="coinLink evenCoin"
      href="/usd-coin"
    >
      <article
        class="coinItem"
        data-testid="usd-coin"
      >
        <section
          class="itemSection itemHeader"
        >
          <h3
            class="itemName"
            data-testid="coinName"
          >
            USD Coin
          </h3>
          <div
            class="iconContainer"
          >
            <img
              alt="USD Coin"
              class="coinIcon"
              data-testid="coinLogo"
              src="https://static.coinstats.app/coins/1650455825065.png"
            />
          </div>
        </section>
        <section
          class="itemSection"
        >
          <div
            class="itemDescription"
          >
            <h3
              class="itemCategory rankCategory"
            >
              Rank
            </h3>
            <p
              class="itemData rankData"
              data-testid="coinRank"
            >
              5
            </p>
          </div>
          <div
            class="itemDescription"
          >
            <h4
              class="itemCategory"
            >
              Symbol
            </h4>
            <p
              class="itemData"
              data-testid="coinSymbol"
            >
              USDC
            </p>
          </div>
        </section>
      </article>
    </a>
  </section>
</div>
`;
