// Jest Snapshot v1, https://goo.gl/fbAQLP

exports[`AllCoins component tests AllCoins component snapshot test snapshot renders 5 Coins correctly 1`] = `
<section
  className="allCoins"
>
  <a
    className="coinLink evenCoin"
    href="/coins/bitcoin"
    onClick={[Function]}
  >
    <article
      className="coinItem"
      data-testid="bitcoin"
    >
      <section
        className="itemSection itemHeader"
      >
        <h3
          className="itemName"
          data-testid="coinName"
        >
          Bitcoin
        </h3>
        <div
          className="iconContainer"
        >
          <img
            alt="Bitcoin"
            className="coinIcon"
            data-testid="coinLogo"
            src="https://static.coinstats.app/coins/1650455588819.png"
          />
        </div>
      </section>
      <section
        className="itemSection"
      >
        <div
          className="itemDescription"
        >
          <h3
            className="itemCategory rankCategory"
          >
            Rank
          </h3>
          <p
            className="itemData rankData"
            data-testid="coinRank"
          >
            1
          </p>
        </div>
        <div
          className="itemDescription"
        >
          <h4
            className="itemCategory"
          >
            Symbol
          </h4>
          <p
            className="itemData"
            data-testid="coinSymbol"
          >
            BTC
          </p>
        </div>
      </section>
    </article>
  </a>
  <a
    className="coinLink oddCoin"
    href="/coins/ethereum"
    onClick={[Function]}
  >
    <article
      className="coinItem"
      data-testid="ethereum"
    >
      <section
        className="itemSection itemHeader"
      >
        <h3
          className="itemName"
          data-testid="coinName"
        >
          Ethereum
        </h3>
        <div
          className="iconContainer"
        >
          <img
            alt="Ethereum"
            className="coinIcon"
            data-testid="coinLogo"
            src="https://static.coinstats.app/coins/1650455629727.png"
          />
        </div>
      </section>
      <section
        className="itemSection"
      >
        <div
          className="itemDescription"
        >
          <h3
            className="itemCategory rankCategory"
          >
            Rank
          </h3>
          <p
            className="itemData rankData"
            data-testid="coinRank"
          >
            2
          </p>
        </div>
        <div
          className="itemDescription"
        >
          <h4
            className="itemCategory"
          >
            Symbol
          </h4>
          <p
            className="itemData"
            data-testid="coinSymbol"
          >
            ETH
          </p>
        </div>
      </section>
    </article>
  </a>
  <a
    className="coinLink evenCoin"
    href="/coins/tether"
    onClick={[Function]}
  >
    <article
      className="coinItem"
      data-testid="tether"
    >
      <section
        className="itemSection itemHeader"
      >
        <h3
          className="itemName"
          data-testid="coinName"
        >
          Tether
        </h3>
        <div
          className="iconContainer"
        >
          <img
            alt="Tether"
            className="coinIcon"
            data-testid="coinLogo"
            src="https://static.coinstats.app/coins/1650455771843.png"
          />
        </div>
      </section>
      <section
        className="itemSection"
      >
        <div
          className="itemDescription"
        >
          <h3
            className="itemCategory rankCategory"
          >
            Rank
          </h3>
          <p
            className="itemData rankData"
            data-testid="coinRank"
          >
            3
          </p>
        </div>
        <div
          className="itemDescription"
        >
          <h4
            className="itemCategory"
          >
            Symbol
          </h4>
          <p
            className="itemData"
            data-testid="coinSymbol"
          >
            USDT
          </p>
        </div>
      </section>
    </article>
  </a>
  <a
    className="coinLink oddCoin"
    href="/coins/binance-coin"
    onClick={[Function]}
  >
    <article
      className="coinItem"
      data-testid="binance-coin"
    >
      <section
        className="itemSection itemHeader"
      >
        <h3
          className="itemName"
          data-testid="coinName"
        >
          BNB
        </h3>
        <div
          className="iconContainer"
        >
          <img
            alt="BNB"
            className="coinIcon"
            data-testid="coinLogo"
            src="https://static.coinstats.app/coins/1666608145347.png"
          />
        </div>
      </section>
      <section
        className="itemSection"
      >
        <div
          className="itemDescription"
        >
          <h3
            className="itemCategory rankCategory"
          >
            Rank
          </h3>
          <p
            className="itemData rankData"
            data-testid="coinRank"
          >
            4
          </p>
        </div>
        <div
          className="itemDescription"
        >
          <h4
            className="itemCategory"
          >
            Symbol
          </h4>
          <p
            className="itemData"
            data-testid="coinSymbol"
          >
            BNB
          </p>
        </div>
      </section>
    </article>
  </a>
  <a
    className="coinLink evenCoin"
    href="/coins/usd-coin"
    onClick={[Function]}
  >
    <article
      className="coinItem"
      data-testid="usd-coin"
    >
      <section
        className="itemSection itemHeader"
      >
        <h3
          className="itemName"
          data-testid="coinName"
        >
          USD Coin
        </h3>
        <div
          className="iconContainer"
        >
          <img
            alt="USD Coin"
            className="coinIcon"
            data-testid="coinLogo"
            src="https://static.coinstats.app/coins/1650455825065.png"
          />
        </div>
      </section>
      <section
        className="itemSection"
      >
        <div
          className="itemDescription"
        >
          <h3
            className="itemCategory rankCategory"
          >
            Rank
          </h3>
          <p
            className="itemData rankData"
            data-testid="coinRank"
          >
            5
          </p>
        </div>
        <div
          className="itemDescription"
        >
          <h4
            className="itemCategory"
          >
            Symbol
          </h4>
          <p
            className="itemData"
            data-testid="coinSymbol"
          >
            USDC
          </p>
        </div>
      </section>
    </article>
  </a>
</section>
`;
